D:\Workspace\Dasvision\steve\src\test\java\de\rwth\idsg\steve\ocpp\OcppProtocolTest.java
D:\Workspace\Dasvision\steve\src\test\java\de\rwth\idsg\steve\issues\Issue73Fix.java
D:\Workspace\Dasvision\steve\src\test\java\de\rwth\idsg\steve\ocpp\ws\custom\CustomStringModuleTest.java
D:\Workspace\Dasvision\steve\src\test\java\de\rwth\idsg\steve\StressTestJsonOCPP16.java
D:\Workspace\Dasvision\steve\src\test\java\de\rwth\idsg\steve\utils\OcppJsonChargePoint.java
D:\Workspace\Dasvision\steve\src\test\java\de\rwth\idsg\steve\utils\StringUtilsTest.java
D:\Workspace\Dasvision\steve\src\test\java\de\rwth\idsg\steve\web\validation\IdTagValidatorTest.java
D:\Workspace\Dasvision\steve\src\test\java\de\rwth\idsg\steve\web\api\OcppTagsRestControllerTest.java
D:\Workspace\Dasvision\steve\src\test\java\de\rwth\idsg\steve\OperationalTestSoapOCPP16.java
D:\Workspace\Dasvision\steve\src\test\java\de\rwth\idsg\steve\ApplicationJsonTest.java
D:\Workspace\Dasvision\steve\src\test\java\de\rwth\idsg\steve\StressTest.java
D:\Workspace\Dasvision\steve\src\test\java\de\rwth\idsg\steve\utils\StressTester.java
D:\Workspace\Dasvision\steve\src\test\java\de\rwth\idsg\steve\issues\Issue72.java
D:\Workspace\Dasvision\steve\src\test\java\de\rwth\idsg\steve\issues\Issue72LowLevelSoap.java
D:\Workspace\Dasvision\steve\src\test\java\de\rwth\idsg\steve\utils\TransactionStopServiceHelperTest.java
D:\Workspace\Dasvision\steve\src\test\java\de\rwth\idsg\steve\ApplicationTest.java
D:\Workspace\Dasvision\steve\src\test\java\de\rwth\idsg\steve\ocpp\OcppVersionTest.java
D:\Workspace\Dasvision\steve\src\test\java\de\rwth\idsg\steve\utils\__DatabasePreparer__.java
D:\Workspace\Dasvision\steve\src\test\java\de\rwth\idsg\steve\TypeStoreTest.java
D:\Workspace\Dasvision\steve\src\test\java\de\rwth\idsg\steve\web\api\AbstractControllerTest.java
D:\Workspace\Dasvision\steve\src\test\java\de\rwth\idsg\steve\web\api\TransactionRestControllerTest.java
D:\Workspace\Dasvision\steve\src\test\java\de\rwth\idsg\steve\issues\Issue81.java
D:\Workspace\Dasvision\steve\src\test\java\de\rwth\idsg\steve\StressTestSoapOCPP16.java
D:\Workspace\Dasvision\steve\src\test\java\de\rwth\idsg\steve\utils\Helpers.java
